// Jest Snapshot v1, https://goo.gl/fbAQLP

exports[`it renders poster without hover state 1`] = `
<div>
  <img
    alt="test"
    class="rounded shadow-lg object-fill md:h-80 w-full md:w-auto transition-transform transition-fast transition-ease-in-out"
    src="test.jpg"
  />
</div>
`;
